// Jest Snapshot v1, https://goo.gl/fbAQLP

exports[`Run Tests createIncludeElement 1`] = `"<esi:include alt="&quot;&apos;&lt;&amp;Alt&gt;&apos;&quot;" src="/_custom?fragment=fragmentID&amp;props=%7B%22name%22%3A%22K%C3%A9vin%22%7D&amp;sign=f796e034f8fafcf6398b7eae318cb284d0ce6165b3cf6c68393cd3b9028906fa" />"`;

exports[`Run Tests invalid signature 1`] = `"Bad signature"`;
